[localhost/index.html]
[backblue.gif]
[fade.gif]
[index.html]
[localhost/wp-includes/css/dist/block-library/style.min9dff.css]
[localhost/index.php/feed/index.html]
[fonts.googleapis.com/index.html]
[localhost/wp-includes/css/dist/block-library/theme.min9dff.css]
[localhost/index.php/comments/feed/index.html]
[localhost/wp-content/themes/twentyseventeen/style8d89.css]
[localhost/wp-content/themes/twentyseventeen/assets/css/blocksfbfa.css]
[localhost/wp-includes/js/jquery/jquery4a5f.js]
[localhost/wp-includes/js/jquery/jquery-migrate.min330a.js]
[localhost/xmlrpc0db0.php]
[localhost/wp-includes/wlwmanifest.xml]
[localhost/index.php/wp-json/index.html]
[localhost/index.php/wp-json/oembed/1.0/embed1408.json]
[localhost/wp-content/themes/twentyseventeen/assets/images/header.jpg]
[localhost/wp-content/themes/twentyseventeen/assets/js/skip-link-focus-fixb448.js]
[localhost/index.php/about/index.html]
[localhost/wp-content/themes/twentyseventeen/assets/js/navigation6877.js]
[localhost/index.php/blog/index.html]
[localhost/index.php/contact/index.html]
[localhost/wp-content/themes/twentyseventeen/assets/js/global5841.js]
[localhost/wp-content/themes/twentyseventeen/assets/js/jquery.scrollTo431f.js]
[localhost/index.php/2020/01/26/hello-world/index.html]
[localhost/index.html]
[localhost/wp-includes/js/wp-embed.min9dff.js]
[gmpg.org/xfn/11.html]
[fonts.googleapis.com/index.html]
[s.w.org/index.html]
[fonts.gstatic.com/index.html]
[fonts.googleapis.com/cssb695.css]
[localhost/index.php/wp-json/oembed/1.0/embed570f.json]
[localhost/index.php/about/index.html]
[localhost/index.php/blog/index.html]
[localhost/index.php/wp-json/oembed/1.0/embeded53.json]
[localhost/index.php/contact/index.html]
[localhost/index.php/wp-json/oembed/1.0/embedc972.json]
[localhost/index.php/2020/01/26/hello-world/feed/index.html]
[localhost/index.php/author/root/index.html]
[1.gravatar.com/avatar/d7a973c7dab26985da5f961be7b74480de35.png]
[localhost/wp-includes/js/comment-reply.min9dff.js]
[localhost/index.php/2020/01/26/hello-world/index6809.html]
[localhost/index.php/2020/01/26/hello-world/index.html]
[gmpg.org/xfn/.html]
[gmpg.org/xfn/intro.html]
[gmpg.org/xfn/faq.html]
[localhost/index970c.html]
[localhost/index88b9.html]
[localhost/indexcff1.html]
[localhost/xmlrpc.php]
[localhost/index.php/author/root/index.html]
[localhost/index.php/author/root/feed/index.html]
[localhost/index.php/2020/01/26/hello-world/index6809.html]
[localhost/index.php/wp-json/index.html]
[localhost/wp-includes/css/dist/block-library/style.min9dff.css]
[localhost/wp-includes/css/dist/block-library/theme.min9dff.css]
[localhost/index.php/2020/01/26/hello-world/feed/index.html]
[localhost/wp-content/themes/twentyseventeen/style8d89.css]
[1.gravatar.com/avatar/d7a973c7dab26985da5f961be7b74480de35.png]
[localhost/index.php/author/root/feed/index.html]
[localhost/wp-content/themes/twentyseventeen/assets/css/blocksfbfa.css]
[localhost/index.php/about/index.html]
[gmpg.org/xfn/default.css]
[localhost/indexcff1.html]
[localhost/index.php/2020/01/26/hello-world/index6809.html]
